// Jest Snapshot v1, https://goo.gl/fbAQLP

exports[`matches snapshot for logged-in user 1`] = `
<DocumentFragment>
  <div
    class="MuiContainer-root MuiContainer-maxWidthLg css-46690j-MuiContainer-root"
  >
    <div
      class="MuiGrid-root MuiGrid-container css-1lym95h-MuiGrid-root"
    >
      <div
        class="MuiGrid-root MuiGrid-container MuiGrid-item MuiGrid-grid-xs-12 MuiGrid-grid-sm-6 css-9f56oq-MuiGrid-root"
      >
        <div
          class="MuiBox-root css-1c5ij41"
        >
          <div
            class="MuiPaper-root MuiPaper-elevation MuiPaper-rounded MuiPaper-elevation5 MuiCard-root css-16y89a-MuiPaper-root-MuiCard-root"
          >
            <div
              class="MuiCardMedia-root css-1999db7-MuiCardMedia-root"
              role="img"
              style="background-image: url(sunflower.jpg);"
              title="sunflower"
            />
            <div
              class="MuiCardContent-root css-46bh2p-MuiCardContent-root"
            >
              <div
                class="MuiTypography-root MuiTypography-h5 MuiTypography-gutterBottom css-h93ljk-MuiTypography-root"
              >
                My Plants
              </div>
              <div />
            </div>
            <div
              class="MuiCardActions-root MuiCardActions-spacing css-1t6e9jv-MuiCardActions-root"
            >
              <button
                class="MuiButtonBase-root MuiButton-root MuiButton-text MuiButton-textPrimary MuiButton-sizeSmall MuiButton-textSizeSmall MuiButton-root MuiButton-text MuiButton-textPrimary MuiButton-sizeSmall MuiButton-textSizeSmall css-1knaqv7-MuiButtonBase-root-MuiButton-root"
                tabindex="0"
                type="button"
              >
                Go to Plants
                <span
                  class="MuiTouchRipple-root css-8je8zh-MuiTouchRipple-root"
                />
              </button>
            </div>
          </div>
        </div>
      </div>
      <div
        class="MuiGrid-root MuiGrid-container MuiGrid-item MuiGrid-grid-xs-12 MuiGrid-grid-sm-6 css-9f56oq-MuiGrid-root"
      >
        <div
          class="MuiBox-root css-1c5ij41"
        >
          <div
            class="MuiPaper-root MuiPaper-elevation MuiPaper-rounded MuiPaper-elevation5 MuiCard-root css-16y89a-MuiPaper-root-MuiCard-root"
          >
            <div
              class="MuiCardMedia-root css-1999db7-MuiCardMedia-root"
              role="img"
              style="background-image: url(wildflowers.jpg);"
              title="wildflowers"
            />
            <div
              class="MuiCardContent-root css-46bh2p-MuiCardContent-root"
            >
              <div
                class="MuiTypography-root MuiTypography-h5 MuiTypography-gutterBottom css-h93ljk-MuiTypography-root"
              >
                My Gardens
              </div>
              <div>
                You have no saved gardens.
                <br />
                Create some gardens.
              </div>
            </div>
            <div
              class="MuiCardActions-root MuiCardActions-spacing css-1t6e9jv-MuiCardActions-root"
            >
              <button
                class="MuiButtonBase-root MuiButton-root MuiButton-text MuiButton-textPrimary MuiButton-sizeSmall MuiButton-textSizeSmall MuiButton-root MuiButton-text MuiButton-textPrimary MuiButton-sizeSmall MuiButton-textSizeSmall css-1knaqv7-MuiButtonBase-root-MuiButton-root"
                tabindex="0"
                type="button"
              >
                Go to Gardens
                <span
                  class="MuiTouchRipple-root css-8je8zh-MuiTouchRipple-root"
                />
              </button>
            </div>
          </div>
        </div>
      </div>
    </div>
  </div>
</DocumentFragment>
`;

exports[`matches snapshot for no logged-in user 1`] = `
<DocumentFragment>
  <main
    class="MuiContainer-root MuiContainer-maxWidthLg css-1oqqzyl-MuiContainer-root"
  >
    <div
      class="MuiBox-root css-vxr1lr"
    >
      <div
        class="MuiPaper-root MuiPaper-elevation MuiPaper-rounded MuiPaper-elevation1 MuiCard-root css-y3xfyw-MuiPaper-root-MuiCard-root"
      >
        <h1
          class="MuiTypography-root MuiTypography-h5 css-ag7rrr-MuiTypography-root"
        >
          Sign in
        </h1>
        <form
          class="MuiBox-root css-164r41r"
          novalidate=""
        >
          <div
            class="MuiFormControl-root MuiFormControl-marginNormal MuiFormControl-fullWidth MuiTextField-root css-17vbkzs-MuiFormControl-root-MuiTextField-root"
            spellcheck="false"
          >
            <label
              class="MuiFormLabel-root MuiInputLabel-root MuiInputLabel-formControl MuiInputLabel-animated MuiInputLabel-shrink MuiInputLabel-sizeMedium MuiInputLabel-outlined MuiFormLabel-colorPrimary Mui-focused Mui-required MuiInputLabel-root MuiInputLabel-formControl MuiInputLabel-animated MuiInputLabel-shrink MuiInputLabel-sizeMedium MuiInputLabel-outlined css-1jy569b-MuiFormLabel-root-MuiInputLabel-root"
              data-shrink="true"
              for="username"
              id="username-label"
            >
              Username
              <span
                aria-hidden="true"
                class="MuiFormLabel-asterisk MuiInputLabel-asterisk css-wgai2y-MuiFormLabel-asterisk"
              >
                 *
              </span>
            </label>
            <div
              class="MuiInputBase-root MuiOutlinedInput-root MuiInputBase-colorPrimary MuiInputBase-fullWidth Mui-focused MuiInputBase-formControl css-md26zr-MuiInputBase-root-MuiOutlinedInput-root"
            >
              <input
                aria-invalid="false"
                autocomplete="username"
                class="MuiInputBase-input MuiOutlinedInput-input css-1t8l2tu-MuiInputBase-input-MuiOutlinedInput-input"
                id="username"
                name="username"
                required=""
                type="text"
                value=""
              />
              <fieldset
                aria-hidden="true"
                class="MuiOutlinedInput-notchedOutline css-1d3z3hw-MuiOutlinedInput-notchedOutline"
              >
                <legend
                  class="css-14lo706"
                >
                  <span>
                    Username *
                  </span>
                </legend>
              </fieldset>
            </div>
          </div>
          <div
            class="MuiFormControl-root MuiFormControl-marginNormal MuiFormControl-fullWidth MuiTextField-root css-17vbkzs-MuiFormControl-root-MuiTextField-root"
            spellcheck="false"
          >
            <label
              class="MuiFormLabel-root MuiInputLabel-root MuiInputLabel-formControl MuiInputLabel-animated MuiInputLabel-sizeMedium MuiInputLabel-outlined MuiFormLabel-colorPrimary Mui-required MuiInputLabel-root MuiInputLabel-formControl MuiInputLabel-animated MuiInputLabel-sizeMedium MuiInputLabel-outlined css-14s5rfu-MuiFormLabel-root-MuiInputLabel-root"
              data-shrink="false"
              for="password"
              id="password-label"
            >
              Password
              <span
                aria-hidden="true"
                class="MuiFormLabel-asterisk MuiInputLabel-asterisk css-wgai2y-MuiFormLabel-asterisk"
              >
                 *
              </span>
            </label>
            <div
              class="MuiInputBase-root MuiOutlinedInput-root MuiInputBase-colorPrimary MuiInputBase-fullWidth MuiInputBase-formControl css-md26zr-MuiInputBase-root-MuiOutlinedInput-root"
            >
              <input
                aria-invalid="false"
                autocomplete="current-password"
                class="MuiInputBase-input MuiOutlinedInput-input css-1t8l2tu-MuiInputBase-input-MuiOutlinedInput-input"
                id="password"
                name="password"
                required=""
                type="password"
                value=""
              />
              <fieldset
                aria-hidden="true"
                class="MuiOutlinedInput-notchedOutline css-1d3z3hw-MuiOutlinedInput-notchedOutline"
              >
                <legend
                  class="css-yjsfm1"
                >
                  <span>
                    Password *
                  </span>
                </legend>
              </fieldset>
            </div>
          </div>
          <button
            class="MuiButtonBase-root MuiButton-root MuiButton-contained MuiButton-containedPrimary MuiButton-sizeMedium MuiButton-containedSizeMedium MuiButton-fullWidth MuiButton-root MuiButton-contained MuiButton-containedPrimary MuiButton-sizeMedium MuiButton-containedSizeMedium MuiButton-fullWidth css-1vhaqj4-MuiButtonBase-root-MuiButton-root"
            tabindex="0"
            type="submit"
          >
            Sign In
            <span
              class="MuiTouchRipple-root css-8je8zh-MuiTouchRipple-root"
            />
          </button>
          <div>
            Not registered?
            <button
              class="MuiButtonBase-root MuiButton-root MuiButton-text MuiButton-textPrimary MuiButton-sizeMedium MuiButton-textSizeMedium MuiButton-root MuiButton-text MuiButton-textPrimary MuiButton-sizeMedium MuiButton-textSizeMedium css-1e6y48t-MuiButtonBase-root-MuiButton-root"
              tabindex="0"
              type="button"
            >
              Register here
              <span
                class="MuiTouchRipple-root css-8je8zh-MuiTouchRipple-root"
              />
            </button>
          </div>
        </form>
      </div>
    </div>
  </main>
</DocumentFragment>
`;
